[2026-07-29T15:07:38Z] === run_snap_sweep starting: skitter patents @ 750x750 ===
[2026-07-29T15:07:38Z] --- skitter (data/snap_skitter.balanced750x750.mtx) @ 750x750 (channels=16) ---
[2026-07-29T15:07:38Z] compiling skitter (writes artifact_path.json)
Event 2026-07-29 15:07:48 +0000 UTC reason=InconsistentVersion wsjob=wsjob-kfa6mgllkhdj3szqdblugh message='Warning: client semantic version 1.14.0 is inconsistent with cluster server semantic version 1.20.2, there's a risk job could fail due to inconsistent setup.'
Empty ingress service url. Falling back to default server: 10.125.8.2:443
2026-07-29 15:13:38,272 INFO     CSL compiler output:
        ld.lld: error: ran out of PE memory for task table
        ld.lld: error: ran out of PE memory for data (section .data.hi) 
        ld.lld: error: ran out of PE memory for task table
        ld.lld: error: ran out of PE memory for data (section .data.hi) 
        Failed to link: /tmp/cslc-ae0949/cslc-68c74f672b2e.o
        ld.lld: error: ran out of PE memory for task table
        ld.lld: error: ran out of PE memory for data (section .data.hi) 
        ld.lld: error: ran out of PE memory for task table
        ld.lld: error: ran out of PE memory for data (section .data.hi) 
        Failed to link: /tmp/cslc-ae0949/cslc-68c74f672b2e.o
        ld.lld: error: ran out of PE memory for task table
        ld.lld: error: ran out of PE memory for data (section .data.hi) 
        ld.lld: error: ran out of PE memory for task table
        ld.lld: error: ran out of PE memory for data (section .data.hi) 
        Failed to link: /tmp/cslc-ae0949/cslc-68c74f672b2e.o
        ld.lld: error: ran out of PE memory for task table
        ld.lld: error: ran out of PE memory for data (section .data.hi) 
        ld.lld: error: ran out of PE memory for task table
        ld.lld: error: ran out of PE memory for data (section .data.hi) 
        ld.lld: error: ran out of PE memory for task table
        ld.lld: error: ran out of PE memory for data (section .data.hi) 
        ld.lld: error: ran out of PE memory for task table
        ld.lld: error: ran out of PE memory for data (section .data.hi) 
        Failed to link: /tmp/cslc-ae0949/cslc-68c74f672b2e.o
        Failed to link: /tmp/cslc-ae0949/cslc-68c74f672b2e.o
        ld.lld: error: ran out of PE memory for task table
        ld.lld: error: ran out of PE memory for data (section .data.hi) 
        ld.lld: error: ran out of PE memory for task table
        ld.lld: error: ran out of PE memory for data (section .data.hi) 
        ld.lld: error: ran out of PE memory for task table
        ld.lld: error: ran out of PE memory for data (section .data.hi) 
        Failed to link: /tmp/cslc-ae0949/cslc-68c74f672b2e.o
        ld.lld: error: ran out of PE memory for task table
        ld.lld: error: ran out of PE memory for data (section .data.hi) 
        ld.lld: error: ran out of PE memory for task table
        ld.lld: error: ran out of PE memory for data (section .data.hi) 
        ld.lld: error: ran out of PE memory for task table
        ld.lld: error: ran out of PE memory for data (section .data.hi) 
        Failed to link: /tmp/cslc-ae0949/cslc-68c74f672b2e.o
        ld.lld: error: ran out of PE memory for task table
        ld.lld: error: ran out of PE memory for data (section .data.hi) 
        ld.lld: error: ran out of PE memory for task table
        ld.lld: error: ran out of PE memory for data (section .data.hi) 
        Failed to link: /tmp/cslc-ae0949/cslc-68c74f672b2e.o
        Failed to link: /tmp/cslc-ae0949/cslc-68c74f672b2e.o
        ld.lld: error: ran out of PE memory for task table
        ld.lld: error: ran out of PE memory for data (section .data.hi) 
        ld.lld: error: ran out of PE memory for task table
        ld.lld: error: ran out of PE memory for data (section .data.hi) 
        ld.lld: error: ran out of PE memory for task table
        ld.lld: error: ran out of PE memory for data (section .data.hi) 
        ld.lld: error: ran out of PE memory for task table
        ld.lld: error: ran out of PE memory for data (section .data.hi) 
        Failed to link: /tmp/cslc-ae0949/cslc-68c74f672b2e.o
        Failed to link: /tmp/cslc-ae0949/cslc-68c74f672b2e.o
        ld.lld: error: ran out of PE memory for task table
        ld.lld: error: ran out of PE memory for data (section .data.hi) 
        ld.lld: error: ran out of PE memory for task table
        ld.lld: error: ran out of PE memory for data (section .data.hi) 
        ld.lld: error: ran out of PE memory for task table
        ld.lld: error: ran out of PE memory for task table
        ld.lld: error: ran out of PE memory for data (section .data.hi) 
        ld.lld: error: ran out of PE memory for data (section .data.hi) 
        ld.lld: error: ran out of PE memory for task table
        ld.lld: error: ran out of PE memory for task table
        ld.lld: error: ran out of PE memory for data (section .data.hi) 
        ld.lld: error: ran out of PE memory for data (section .data.hi) 
        Failed to link: /tmp/cslc-ae0949/cslc-68c74f672b2e.o
        Failed to link: /tmp/cslc-ae0949/cslc-68c74f672b2e.o
        Failed to link: /tmp/cslc-ae0949/cslc-68c74f672b2e.o
        ld.lld: error: ran out of PE memory for task table
        ld.lld: error: ran out of PE memory for data (section .data.hi) 
        ld.lld: error: ran out of PE memory for task table
        ld.lld: error: ran out of PE memory for data (section .data.hi) 
        ld.lld: error: ran out of PE memory for task table
        ld.lld: error: ran out of PE memory for data (section .data.hi) 
        ld.lld: error: ran out of PE memory for task table
        ld.lld: error: ran out of PE memory for data (section .data.hi) 
        Failed to link: /tmp/cslc-ae0949/cslc-68c74f672b2e.o
        Failed to link: /tmp/cslc-ae0949/cslc-68c74f672b2e.o
        ld.lld: error: ran out of PE memory for task table
        ld.lld: error: ran out of PE memory for data (section .data.hi) 
        ld.lld: error: ran out of PE memory for task table
        ld.lld: error: ran out of PE memory for data (section .data.hi) 
        ld.lld: error: ran out of PE memory for task table
        ld.lld: error: ran out of PE memory for data (section .data.hi) 
        ld.lld: error: ran out of PE memory for task table
        ld.lld: error: ran out of PE memory for data (section .data.hi) 
        ld.lld: error: ran out of PE memory for task table
        ld.lld: error: ran out of PE memory for data (section .data.hi) 
        ld.lld: error: ran out of PE memory for task table
        ld.lld: error: ran out of PE memory for data (section .data.hi) 
        Failed to link: /tmp/cslc-ae0949/cslc-68c74f672b2e.o
        Failed to link: /tmp/cslc-ae0949/cslc-68c74f672b2e.o
        Failed to link: /tmp/cslc-ae0949/cslc-68c74f672b2e.o
        ld.lld: error: ran out of PE memory for task table
        ld.lld: error: ran out of PE memory for data (section .data.hi) 
        ld.lld: error: ran out of PE memory for task table
        ld.lld: error: ran out of PE memory for data (section .data.hi) 
        ld.lld: error: ran out of PE memory for task table
        ld.lld: error: ran out of PE memory for data (section .data.hi) 
        ld.lld: error: ran out of PE memory for task table
        ld.lld: error: ran out of PE memory for data (section .data.hi) 
        Failed to link: /tmp/cslc-ae0949/cslc-68c74f672b2e.o
        Failed to link: /tmp/cslc-ae0949/cslc-68c74f672b2e.o
        ld.lld: error: ran out of PE memory for task table
        ld.lld: error: ran out of PE memory for data (section .data.hi) 
        ld.lld: error: ran out of PE memory for task table
        ld.lld: error: ran out of PE memory for data (section .data.hi) 
        ld.lld: error: ran out of PE memory for task table
        ld.lld: error: ran out of PE memory for data (section .data.hi) 
        ld.lld: error: ran out of PE memory for task table
        ld.lld: error: ran out of PE memory for data (section .data.hi) 
        Failed to link: /tmp/cslc-ae0949/cslc-68c74f672b2e.o
        Failed to link: /tmp/cslc-ae0949/cslc-68c74f672b2e.o
        ld.lld: error: ran out of PE memory for task table
        ld.lld: error: ran out of PE memory for data (section .data.hi) 
        ld.lld: error: ran out of PE memory for task table
        ld.lld: error: ran out of PE memory for data (section .data.hi) 
        Failed to link: /tmp/cslc-ae0949/cslc-68c74f672b2e.o
        ld.lld: error: ran out of PE memory for task table
        ld.lld: error: ran out of PE memory for data (section .data.hi) 
        ld.lld: error: ran out of PE memory for task table
        ld.lld: error: ran out of PE memory for data (section .data.hi) 
        Failed to link: /tmp/cslc-ae0949/cslc-68c74f672b2e.o
        ld.lld: error: ran out of PE memory for task table
        ld.lld: error: ran out of PE memory for data (section .data.hi) 
        ld.lld: error: ran out of PE memory for task table
        ld.lld: error: ran out of PE memory for data (section .data.hi) 
        Failed to link: /tmp/cslc-ae0949/cslc-68c74f672b2e.o
        ld.lld: error: ran out of PE memory for task table
        ld.lld: error: ran out of PE memory for data (section .data.hi) 
        ld.lld: error: ran out of PE memory for task table
        ld.lld: error: ran out of PE memory for data (section .data.hi) 
        Failed to link: /tmp/cslc-ae0949/cslc-68c74f672b2e.o
        ld.lld: error: ran out of PE memory for task table
        ld.lld: error: ran out of PE memory for data (section .data.hi) 
        ld.lld: error: ran out of PE memory for task table
        ld.lld: error: ran out of PE memory for data (section .data.hi) 
        Failed to link: /tmp/cslc-ae0949/cslc-68c74f672b2e.o
        ld.lld: error: ran out of PE memory for task table
        ld.lld: error: ran out of PE memory for data (section .data.hi) 
        ld.lld: error: ran out of PE memory for task table
        ld.lld: error: ran out of PE memory for data (section .data.hi) 
        Failed to link: /tmp/cslc-ae0949/cslc-68c74f672b2e.o
        ld.lld: error: ran out of PE memory for task table
        ld.lld: error: ran out of PE memory for data (section .data.hi) 
        ld.lld: error: ran out of PE memory for task table
        ld.lld: error: ran out of PE memory for data (section .data.hi) 
        ld.lld: error: ran out of PE memory for task table
        ld.lld: error: ran out of PE memory for data (section .data.hi) 
        ld.lld: error: ran out of PE memory for task table
        ld.lld: error: ran out of PE memory for data (section .data.hi) 
        Failed to link: /tmp/cslc-ae0949/cslc-68c74f672b2e.o
        Failed to link: /tmp/cslc-ae0949/cslc-68c74f672b2e.o
        Failed to terminate linker worker processes
        ld.lld: error: cannot open /tmp/cslc-ae0949/cslc-5e500d37cb3d.ld: No such file or directory
        ld.lld: error: cannot open /tmp/cslc-ae0949/cslc-79cd64da8cd1.ld: No such file or directory
        Failed to link: /tmp/cslc-ae0949/cslc-68c74f672b2e.o
        Failed to link: /tmp/cslc-ae0949/cslc-68c74f672b2e.o
        ld.lld: error: cannot open /tmp/cslc-ae0949/cslc-248a2c8a3427.ld: No such file or directory
        Failed to link: /tmp/cslc-ae0949/cslc-68c74f672b2e.o
        ld.lld: error: ran out of PE memory for task table
        ld.lld: error: ran out of PE memory for data (section .data.hi) 
        ld.lld: error: ran out of PE memory for task table
        ld.lld: error: ran out of PE memory for data (section .data.hi) 
        Failed to link: /tmp/cslc-ae0949/cslc-68c74f672b2e.o
        ld.lld: error: cannot open /tmp/cslc-ae0949/cslc-b23057ea0f08.ld: No such file or directory
        Failed to link: /tmp/cslc-ae0949/cslc-68c74f672b2e.o
        ld.lld: error: cannot open /tmp/cslc-ae0949/cslc-e36e090024c3.ld: No such file or directory
        Failed to link: /tmp/cslc-ae0949/cslc-68c74f672b2e.o
        ld.lld: error: ran out of PE memory for task table
        ld.lld: error: ran out of PE memory for data (section .data.hi) 
        ld.lld: error: ran out of PE memory for task table
        ld.lld: error: ran out of PE memory for data (section .data.hi) 
        Failed to link: /tmp/cslc-ae0949/cslc-68c74f672b2e.o
        ld.lld: error: ran out of PE memory for task table
        ld.lld: error: ran out of PE memory for data (section .data.hi) 
        ld.lld: error: ran out of PE memory for task table
        ld.lld: error: ran out of PE memory for data (section .data.hi) 
        Failed to link: /tmp/cslc-ae0949/cslc-68c74f672b2e.o
        ld.lld: error: ran out of PE memory for task table
        ld.lld: error: ran out of PE memory for data (section .data.hi) 
        ld.lld: error: ran out of PE memory for task table
        ld.lld: error: ran out of PE memory for data (section .data.hi) 
        Failed to link: /tmp/cslc-ae0949/cslc-68c74f672b2e.o
        ld.lld: error: ran out of PE memory for task table
        ld.lld: error: ran out of PE memory for data (section .data.hi) 
        ld.lld: error: ran out of PE memory for task table
        ld.lld: error: ran out of PE memory for data (section .data.hi) 
        Failed to link: /tmp/cslc-ae0949/cslc-68c74f672b2e.o
        ld.lld: error: ran out of PE memory for task table
        ld.lld: error: ran out of PE memory for data (section .data.hi) 
        ld.lld: error: ran out of PE memory for task table
        ld.lld: error: ran out of PE memory for data (section .data.hi) 
        ld.lld: error: ran out of PE memory for task table
        ld.lld: error: ran out of PE memory for data (section .data.hi) 
        ld.lld: error: ran out of PE memory for task table
        ld.lld: error: ran out of PE memory for data (section .data.hi) 
        Failed to link: /tmp/cslc-ae0949/cslc-68c74f672b2e.o
        Failed to link: /tmp/cslc-ae0949/cslc-68c74f672b2e.o
        ld.lld: error: ran out of PE memory for task table
        ld.lld: error: ran out of PE memory for data (section .data.hi) 
        ld.lld: error: ran out of PE memory for task table
        ld.lld: error: ran out of PE memory for data (section .data.hi) 
        ld.lld: error: ran out of PE memory for task table
        ld.lld: error: ran out of PE memory for data (section .data.hi) 
        ld.lld: error: ran out of PE memory for task table
        ld.lld: error: ran out of PE memory for data (section .data.hi) 
        Failed to link: /tmp/cslc-ae0949/cslc-68c74f672b2e.o
        Failed to link: /tmp/cslc-ae0949/cslc-68c74f672b2e.o
        ld.lld: error: ran out of PE memory for task table
        ld.lld: error: ran out of PE memory for data (section .data.hi) 
        ld.lld: error: ran out of PE memory for task table
        ld.lld: error: ran out of PE memory for data (section .data.hi) 
        Failed to link: /tmp/cslc-ae0949/cslc-68c74f672b2e.o
        ld.lld: error: ran out of PE memory for task table
        ld.lld: error: ran out of PE memory for data (section .data.hi) 
        ld.lld: error: ran out of PE memory for task table
        ld.lld: error: ran out of PE memory for data (section .data.hi) 
        Failed to link: /tmp/cslc-ae0949/cslc-68c74f672b2e.o
        ld.lld: error: cannot open /tmp/cslc-ae0949/cslc-68c74f672b2e.o: No such file or directory
        Failed to link: /tmp/cslc-ae0949/cslc-68c74f672b2e.o
        ld.lld: error: ran out of PE memory for task table
        ld.lld: error: ran out of PE memory for data (section .data.hi) 
        ld.lld: error: ran out of PE memory for task table
        ld.lld: error: ran out of PE memory for data (section .data.hi) 
        Failed to link: /tmp/cslc-ae0949/cslc-68c74f672b2e.o
        ld.lld: error: ran out of PE memory for task table
        ld.lld: error: ran out of PE memory for data (section .data.hi) 
        ld.lld: error: ran out of PE memory for task table
        ld.lld: error: ran out of PE memory for data (section .data.hi) 
        Failed to link: /tmp/cslc-ae0949/cslc-68c74f672b2e.o
        ld.lld: error: ran out of PE memory for task table
        ld.lld: error: ran out of PE memory for data (section .data.hi) 
        ld.lld: error: ran out of PE memory for task table
        ld.lld: error: ran out of PE memory for data (section .data.hi) 
        Failed to link: /tmp/cslc-ae0949/cslc-68c74f672b2e.o
        ld.lld: error: cannot open /tmp/cslc-ae0949/cslc-68c74f672b2e.o: No such file or directory
        Failed to link: /tmp/cslc-ae0949/cslc-68c74f672b2e.o
        ld.lld: error: ran out of PE memory for task table
        ld.lld: error: ran out of PE memory for data (section .data.hi) 
        ld.lld: error: ran out of PE memory for task table
        ld.lld: error: ran out of PE memory for data (section .data.hi) 
        ld.lld: error: cannot open /tmp/cslc-ae0949/cslc-68c74f672b2e.o: No such file or directory
        Failed to link: /tmp/cslc-ae0949/cslc-68c74f672b2e.o
        Failed to link: /tmp/cslc-ae0949/cslc-68c74f672b2e.o
        ld.lld: error: cannot open /tmp/cslc-ae0949/cslc-68c74f672b2e.o: No such file or directory
        Failed to link: /tmp/cslc-ae0949/cslc-68c74f672b2e.o
        ld.lld: error: cannot open /tmp/cslc-ae0949/cslc-68c74f672b2e.o: No such file or directory
        Failed to link: /tmp/cslc-ae0949/cslc-68c74f672b2e.o
        ld.lld: error: cannot open /tmp/cslc-ae0949/cslc-68c74f672b2e.o: No such file or directory
        Failed to link: /tmp/cslc-ae0949/cslc-68c74f672b2e.o
        ld.lld: error: cannot open /tmp/cslc-ae0949/cslc-68c74f672b2e.o: No such file or directory
        Failed to link: /tmp/cslc-ae0949/cslc-68c74f672b2e.o
        ld.lld: error: cannot open /tmp/cslc-ae0949/cslc-68c74f672b2e.o: No such file or directory
        Failed to link: /tmp/cslc-ae0949/cslc-68c74f672b2e.o
        ld.lld: error: cannot open /tmp/cslc-ae0949/cslc-68c74f672b2e.o: No such file or directory
        Failed to link: /tmp/cslc-ae0949/cslc-68c74f672b2e.o
        ld.lld: error: cannot open /tmp/cslc-ae0949/cslc-68c74f672b2e.o: No such file or directory
        Failed to link: /tmp/cslc-ae0949/cslc-68c74f672b2e.o
        ld.lld: error: cannot open /tmp/cslc-ae0949/cslc-68c74f672b2e.o: No such file or directory
        Failed to link: /tmp/cslc-ae0949/cslc-68c74f672b2e.o
        ld.lld: error: cannot open /tmp/cslc-ae0949/cslc-68c74f672b2e.o: No such file or directory
        Failed to link: /tmp/cslc-ae0949/cslc-68c74f672b2e.o
        ld.lld: error: cannot open /tmp/cslc-ae0949/cslc-68c74f672b2e.o: No such file or directory
        Failed to link: /tmp/cslc-ae0949/cslc-68c74f672b2e.o
        ld.lld: error: cannot open /tmp/cslc-ae0949/cslc-68c74f672b2e.o: No such file or directory
        Failed to link: /tmp/cslc-ae0949/cslc-68c74f672b2e.o
        ld.lld: error: cannot open /tmp/cslc-ae0949/cslc-68c74f672b2e.o: No such file or directory
        Failed to link: /tmp/cslc-ae0949/cslc-68c74f672b2e.o
        ld.lld: error: cannot open /tmp/cslc-ae0949/cslc-68c74f672b2e.o: No such file or directory
        Failed to link: /tmp/cslc-ae0949/cslc-68c74f672b2e.o
        ld.lld: error: cannot open /tmp/cslc-ae0949/cslc-68c74f672b2e.o: No such file or directory
        Failed to link: /tmp/cslc-ae0949/cslc-68c74f672b2e.o
        ld.lld: error: cannot open /tmp/cslc-ae0949/cslc-68c74f672b2e.o: No such file or directory
        Failed to link: /tmp/cslc-ae0949/cslc-68c74f672b2e.o
        ld.lld: error: cannot open /tmp/cslc-ae0949/cslc-68c74f672b2e.o: No such file or directory
        Failed to link: /tmp/cslc-ae0949/cslc-68c74f672b2e.o
        ld.lld: error: cannot open /tmp/cslc-ae0949/cslc-68c74f672b2e.o: No such file or directory
        Failed to link: /tmp/cslc-ae0949/cslc-68c74f672b2e.o
        ld.lld: error: cannot open /tmp/cslc-ae0949/cslc-68c74f672b2e.o: No such file or directory
        Failed to link: /tmp/cslc-ae0949/cslc-68c74f672b2e.o
        ld.lld: error: cannot open /tmp/cslc-ae0949/cslc-68c74f672b2e.o: No such file or directory
        Failed to link: /tmp/cslc-ae0949/cslc-68c74f672b2e.o
        ld.lld: error: cannot open /tmp/cslc-ae0949/cslc-68c74f672b2e.o: No such file or directory
        Failed to link: /tmp/cslc-ae0949/cslc-68c74f672b2e.o
        ld.lld: error: cannot open /tmp/cslc-ae0949/cslc-68c74f672b2e.o: No such file or directory
        Failed to link: /tmp/cslc-ae0949/cslc-68c74f672b2e.o
        ld.lld: error: cannot open /tmp/cslc-ae0949/cslc-68c74f672b2e.o: No such file or directory
        Failed to link: /tmp/cslc-ae0949/cslc-68c74f672b2e.o
        ld.lld: error: cannot open /tmp/cslc-ae0949/cslc-68c74f672b2e.o: No such file or directory
        Failed to link: /tmp/cslc-ae0949/cslc-68c74f672b2e.o
        ld.lld: error: cannot open /tmp/cslc-ae0949/cslc-68c74f672b2e.o: No such file or directory
        Failed to link: /tmp/cslc-ae0949/cslc-68c74f672b2e.o
        ld.lld: error: cannot open /tmp/cslc-ae0949/cslc-68c74f672b2e.o: No such file or directory
        Failed to link: /tmp/cslc-ae0949/cslc-68c74f672b2e.o
        ld.lld: error: cannot open /tmp/cslc-ae0949/cslc-68c74f672b2e.o: No such file or directory
        Failed to link: /tmp/cslc-ae0949/cslc-68c74f672b2e.o
        ld.lld: error: cannot open /tmp/cslc-ae0949/cslc-68c74f672b2e.o: No such file or directory
        ld.lld: error: cannot open /tmp/cslc-ae0949/cslc-68c74f672b2e.o: No such file or directory
        Failed to link: /tmp/cslc-ae0949/cslc-68c74f672b2e.o
        Failed to link: /tmp/cslc-ae0949/cslc-68c74f672b2e.o
        ld.lld: error: cannot open /tmp/cslc-ae0949/cslc-68c74f672b2e.o: No such file or directory
        Failed to link: /tmp/cslc-ae0949/cslc-68c74f672b2e.o
        ld.lld: error: cannot open /tmp/cslc-ae0949/cslc-68c74f672b2e.o: No such file or directory
        Failed to link: /tmp/cslc-ae0949/cslc-68c74f672b2e.o
        ld.lld: error: cannot open /tmp/cslc-ae0949/cslc-68c74f672b2e.o: No such file or directory
        Failed to link: /tmp/cslc-ae0949/cslc-68c74f672b2e.o
        ld.lld: error: cannot open /tmp/cslc-ae0949/cslc-68c74f672b2e.o: No such file or directory
        Failed to link: /tmp/cslc-ae0949/cslc-68c74f672b2e.o
        ld.lld: error: cannot open /tmp/cslc-ae0949/cslc-68c74f672b2e.o: No such file or directory
        Failed to link: /tmp/cslc-ae0949/cslc-68c74f672b2e.o
        ld.lld: error: cannot open /tmp/cslc-ae0949/cslc-68c74f672b2e.o: No such file or directory
        Failed to link: /tmp/cslc-ae0949/cslc-68c74f672b2e.o
        ld.lld: error: cannot open /tmp/cslc-ae0949/cslc-68c74f672b2e.o: No such file or directory
        Failed to link: /tmp/cslc-ae0949/cslc-68c74f672b2e.o
        ld.lld: error: cannot open /tmp/cslc-ae0949/cslc-68c74f672b2e.o: No such file or directory
        Failed to link: /tmp/cslc-ae0949/cslc-68c74f672b2e.o
        ld.lld: error: cannot open /tmp/cslc-ae0949/cslc-68c74f672b2e.o: No such file or directory
        Failed to link: /tmp/cslc-ae0949/cslc-68c74f672b2e.o
        ld.lld: error: cannot open /tmp/cslc-ae0949/cslc-68c74f672b2e.o: No such file or directory
        Failed to link: /tmp/cslc-ae0949/cslc-68c74f672b2e.o
        ld.lld: error: cannot open /tmp/cslc-ae0949/cslc-68c74f672b2e.o: No such file or directory
        Failed to link: /tmp/cslc-ae0949/cslc-68c74f672b2e.o
        ld.lld: error: cannot open /tmp/cslc-ae0949/cslc-68c74f672b2e.o: No such file or directory
        Failed to link: /tmp/cslc-ae0949/cslc-68c74f672b2e.o
        ld.lld: error: cannot open /tmp/cslc-ae0949/cslc-68c74f672b2e.o: No such file or directory
        Failed to link: /tmp/cslc-ae0949/cslc-68c74f672b2e.o
        ld.lld: error: cannot open /tmp/cslc-ae0949/cslc-68c74f672b2e.o: No such file or directory
        Failed to link: /tmp/cslc-ae0949/cslc-68c74f672b2e.o
        ld.lld: error: cannot open /tmp/cslc-ae0949/cslc-68c74f672b2e.o: No such file or directory
        Failed to link: /tmp/cslc-ae0949/cslc-68c74f672b2e.o
        ld.lld: error: cannot open /tmp/cslc-ae0949/cslc-68c74f672b2e.o: No such file or directory
        Failed to link: /tmp/cslc-ae0949/cslc-68c74f672b2e.o
        ld.lld: error: cannot open /tmp/cslc-ae0949/cslc-68c74f672b2e.o: No such file or directory
        Failed to link: /tmp/cslc-ae0949/cslc-68c74f672b2e.o
        ld.lld: error: cannot open /tmp/cslc-ae0949/cslc-68c74f672b2e.o: No such file or directory
        Failed to link: /tmp/cslc-ae0949/cslc-68c74f672b2e.o
        ld.lld: error: cannot open /tmp/cslc-ae0949/cslc-68c74f672b2e.o: No such file or directory
        Failed to link: /tmp/cslc-ae0949/cslc-68c74f672b2e.o
        ld.lld: error: cannot open /tmp/cslc-ae0949/cslc-68c74f672b2e.o: No such file or directory
        Failed to link: /tmp/cslc-ae0949/cslc-68c74f672b2e.o
        ld.lld: error: cannot open /tmp/cslc-ae0949/cslc-68c74f672b2e.o: No such file or directory
        Failed to link: /tmp/cslc-ae0949/cslc-68c74f672b2e.o

infile_mtx = data/snap_skitter.balanced750x750.mtx, source = 0, max_rounds = 10
Load matrix A, 1696500-by-1696500 with 22190596 nonzeros (structural, boolean)
WARNING: compile only -- the appliance's compile server is torn down once this returns, so SdkRuntime can't be used in this same invocation
Traceback (most recent call last):
  File "/home/elia/CereGraphs/spmv-hypersparse/bfs/bool_diag_spmv/run_bfs.appliance.py", line 711, in <module>
    main()
  File "/home/elia/CereGraphs/spmv-hypersparse/bfs/bool_diag_spmv/run_bfs.appliance.py", line 310, in main
    artifact_path = csl_compile_core_appliance(
                    ^^^^^^^^^^^^^^^^^^^^^^^^^^^
  File "/home/elia/CereGraphs/spmv-hypersparse/bfs/bool_diag_spmv/device_io.py", line 379, in csl_compile_core_appliance
    artifact_path = compiler.compile(csl_path, file_config, args_str, csl_path)
                    ^^^^^^^^^^^^^^^^^^^^^^^^^^^^^^^^^^^^^^^^^^^^^^^^^^^^^^^^^^^
  File "/home/elia/cs_appliance_sdk/lib64/python3.11/site-packages/cerebras/sdk/client/sdk_appliance_client.py", line 1541, in compile
    self._check_sdk_response(response, "SdkCompiler.compile() failed.")
  File "/home/elia/cs_appliance_sdk/lib64/python3.11/site-packages/cerebras/sdk/client/sdk_appliance_client.py", line 598, in _check_sdk_response
    raise ApplianceUnknownError(f"{preamble}")
cerebras.appliance.errors.ApplianceUnknownError: SdkCompiler.compile() failed.
[2026-07-29T15:13:48Z] FAILED: skitter compile step failed -- skipping to next graph.
[2026-07-29T15:13:48Z] --- patents (data/snap_patents.balanced750x750.mtx) @ 750x750 (channels=16) ---
[2026-07-29T15:13:48Z] compiling patents (writes artifact_path.json)
Event 2026-07-29 15:13:57 +0000 UTC reason=InconsistentVersion wsjob=wsjob-3nnkujv3fnkb3sb89f3ryd message='Warning: client semantic version 1.14.0 is inconsistent with cluster server semantic version 1.20.2, there's a risk job could fail due to inconsistent setup.'
Empty ingress service url. Falling back to default server: 10.125.8.2:443
2026-07-29 15:19:05,655 INFO     CSL compiler output:
        ld.lld: error: ran out of PE memory for data (section .bss) 
        ld.lld: error: ran out of PE memory for task table
        ld.lld: error: ran out of PE memory for data (section .data.hi) 
        ld.lld: error: ran out of PE memory for data (section .bss) 
        ld.lld: error: ran out of PE memory for task table
        ld.lld: error: ran out of PE memory for data (section .data.hi) 
        ld.lld: error: section .bss virtual address range overlaps with .filters
        >>> .bss range is [0x4720, 0x1A04D]
        >>> .filters range is [0xF680, 0xF6DF]

        ld.lld: error: section .bss load address range overlaps with .filters
        >>> .bss range is [0x4720, 0x1A04D]
        >>> .filters range is [0xF680, 0xF6DF]
        Failed to link: /tmp/cslc-a28311/cslc-2d394f745e1b.o
        ld.lld: error: ran out of PE memory for data (section .bss) 
        ld.lld: error: ran out of PE memory for task table
        ld.lld: error: ran out of PE memory for data (section .data.hi) 
        ld.lld: error: ran out of PE memory for data (section .bss) 
        ld.lld: error: ran out of PE memory for task table
        ld.lld: error: ran out of PE memory for data (section .data.hi) 
        ld.lld: error: section .bss virtual address range overlaps with .filters
        >>> .bss range is [0x4720, 0x1A04D]
        >>> .filters range is [0xF680, 0xF6DF]

        ld.lld: error: section .bss load address range overlaps with .filters
        >>> .bss range is [0x4720, 0x1A04D]
        >>> .filters range is [0xF680, 0xF6DF]
        Failed to link: /tmp/cslc-a28311/cslc-2d394f745e1b.o
        ld.lld: error: ran out of PE memory for data (section .bss) 
        ld.lld: error: ran out of PE memory for task table
        ld.lld: error: ran out of PE memory for data (section .data.hi) 
        ld.lld: error: ran out of PE memory for data (section .bss) 
        ld.lld: error: ran out of PE memory for task table
        ld.lld: error: ran out of PE memory for data (section .data.hi) 
        ld.lld: error: ran out of PE memory for data (section .bss) 
        ld.lld: error: ran out of PE memory for task table
        ld.lld: error: ran out of PE memory for data (section .data.hi) 
        ld.lld: error: ran out of PE memory for data (section .bss) 
        ld.lld: error: ran out of PE memory for task table
        ld.lld: error: ran out of PE memory for data (section .data.hi) 
        ld.lld: error: ran out of PE memory for data (section .bss) 
        ld.lld: error: ran out of PE memory for task table
        ld.lld: error: ran out of PE memory for data (section .data.hi) 
        ld.lld: error: ran out of PE memory for data (section .bss) 
        ld.lld: error: ran out of PE memory for task table
        ld.lld: error: ran out of PE memory for data (section .data.hi) 
        ld.lld: error: section .bss virtual address range overlaps with .filters
        >>> .bss range is [0x4720, 0x1A04D]
        >>> .filters range is [0xF680, 0xF6DF]

        ld.lld: error: section .bss load address range overlaps with .filters
        >>> .bss range is [0x4720, 0x1A04D]
        >>> .filters range is [0xF680, 0xF6DF]
        Failed to link: /tmp/cslc-a28311/cslc-2d394f745e1b.o
        ld.lld: error: section .bss virtual address range overlaps with .filters
        >>> .bss range is [0x4720, 0x1A04D]
        >>> .filters range is [0xF680, 0xF6DF]

        ld.lld: error: section .bss load address range overlaps with .filters
        >>> .bss range is [0x4720, 0x1A04D]
        >>> .filters range is [0xF680, 0xF6DF]
        ld.lld: error: section .bss virtual address range overlaps with .filters
        >>> .bss range is [0x4720, 0x1A04D]
        >>> .filters range is [0xF680, 0xF6DF]

        ld.lld: error: section .bss load address range overlaps with .filters
        >>> .bss range is [0x4720, 0x1A04D]
        >>> .filters range is [0xF680, 0xF6DF]
        Failed to link: /tmp/cslc-a28311/cslc-2d394f745e1b.o
        Failed to link: /tmp/cslc-a28311/cslc-2d394f745e1b.o
        ld.lld: error: ran out of PE memory for data (section .bss) 
        ld.lld: error: ran out of PE memory for task table
        ld.lld: error: ran out of PE memory for data (section .data.hi) 
        ld.lld: error: ran out of PE memory for data (section .bss) 
        ld.lld: error: ran out of PE memory for task table
        ld.lld: error: ran out of PE memory for data (section .data.hi) 
        ld.lld: error: section .bss virtual address range overlaps with .filters
        >>> .bss range is [0x4720, 0x1A04D]
        >>> .filters range is [0xF680, 0xF6DF]

        ld.lld: error: section .bss load address range overlaps with .filters
        >>> .bss range is [0x4720, 0x1A04D]
        >>> .filters range is [0xF680, 0xF6DF]
        Failed to link: /tmp/cslc-a28311/cslc-2d394f745e1b.o
        ld.lld: error: ran out of PE memory for data (section .bss) 
        ld.lld: error: ran out of PE memory for task table
        ld.lld: error: ran out of PE memory for data (section .data.hi) 
        ld.lld: error: ran out of PE memory for data (section .bss) 
        ld.lld: error: ran out of PE memory for task table
        ld.lld: error: ran out of PE memory for data (section .data.hi) 
        ld.lld: error: ran out of PE memory for data (section .bss) 
        ld.lld: error: ran out of PE memory for task table
        ld.lld: error: ran out of PE memory for data (section .data.hi) 
        ld.lld: error: ran out of PE memory for data (section .bss) 
        ld.lld: error: ran out of PE memory for task table
        ld.lld: error: ran out of PE memory for data (section .data.hi) 
        ld.lld: error: section .bss virtual address range overlaps with .filters
        >>> .bss range is [0x4720, 0x1A04D]
        >>> .filters range is [0xF680, 0xF6DF]

        ld.lld: error: section .bss load address range overlaps with .filters
        >>> .bss range is [0x4720, 0x1A04D]
        >>> .filters range is [0xF680, 0xF6DF]
        Failed to link: /tmp/cslc-a28311/cslc-2d394f745e1b.o
        ld.lld: error: section .bss virtual address range overlaps with .filters
        >>> .bss range is [0x4720, 0x1A04D]
        >>> .filters range is [0xF680, 0xF6DF]

        ld.lld: error: section .bss load address range overlaps with .filters
        >>> .bss range is [0x4720, 0x1A04D]
        >>> .filters range is [0xF680, 0xF6DF]
        Failed to link: /tmp/cslc-a28311/cslc-2d394f745e1b.o
        ld.lld: error: ran out of PE memory for data (section .bss) 
        ld.lld: error: ran out of PE memory for task table
        ld.lld: error: ran out of PE memory for data (section .data.hi) 
        ld.lld: error: ran out of PE memory for data (section .bss) 
        ld.lld: error: ran out of PE memory for task table
        ld.lld: error: ran out of PE memory for data (section .data.hi) 
        ld.lld: error: section .bss virtual address range overlaps with .filters
        >>> .bss range is [0x4720, 0x1A04D]
        >>> .filters range is [0xF680, 0xF6DF]

        ld.lld: error: section .bss load address range overlaps with .filters
        >>> .bss range is [0x4720, 0x1A04D]
        >>> .filters range is [0xF680, 0xF6DF]
        Failed to link: /tmp/cslc-a28311/cslc-2d394f745e1b.o
        ld.lld: error: ran out of PE memory for data (section .bss) 
        ld.lld: error: ran out of PE memory for task table
        ld.lld: error: ran out of PE memory for data (section .data.hi) 
        ld.lld: error: ran out of PE memory for data (section .bss) 
        ld.lld: error: ran out of PE memory for task table
        ld.lld: error: ran out of PE memory for data (section .data.hi) 
        ld.lld: error: ran out of PE memory for data (section .bss) 
        ld.lld: error: ran out of PE memory for task table
        ld.lld: error: ran out of PE memory for data (section .data.hi) 
        ld.lld: error: ran out of PE memory for data (section .bss) 
        ld.lld: error: ran out of PE memory for task table
        ld.lld: error: ran out of PE memory for data (section .data.hi) 
        ld.lld: error: section .bss virtual address range overlaps with .filters
        >>> .bss range is [0x4720, 0x1A04D]
        >>> .filters range is [0xF680, 0xF6DF]

        ld.lld: error: section .bss load address range overlaps with .filters
        >>> .bss range is [0x4720, 0x1A04D]
        >>> .filters range is [0xF680, 0xF6DF]
        Failed to link: /tmp/cslc-a28311/cslc-2d394f745e1b.o
        ld.lld: error: section .bss virtual address range overlaps with .filters
        >>> .bss range is [0x4720, 0x1A04D]
        >>> .filters range is [0xF680, 0xF6DF]

        ld.lld: error: section .bss load address range overlaps with .filters
        >>> .bss range is [0x4720, 0x1A04D]
        >>> .filters range is [0xF680, 0xF6DF]
        Failed to link: /tmp/cslc-a28311/cslc-2d394f745e1b.o
        ld.lld: error: ran out of PE memory for data (section .bss) 
        ld.lld: error: ran out of PE memory for task table
        ld.lld: error: ran out of PE memory for data (section .data.hi) 
        ld.lld: error: ran out of PE memory for data (section .bss) 
        ld.lld: error: ran out of PE memory for task table
        ld.lld: error: ran out of PE memory for data (section .data.hi) 
        ld.lld: error: section .bss virtual address range overlaps with .filters
        >>> .bss range is [0x4720, 0x1A04D]
        >>> .filters range is [0xF680, 0xF6DF]

        ld.lld: error: section .bss load address range overlaps with .filters
        >>> .bss range is [0x4720, 0x1A04D]
        >>> .filters range is [0xF680, 0xF6DF]
        Failed to link: /tmp/cslc-a28311/cslc-2d394f745e1b.o
        ld.lld: error: ran out of PE memory for data (section .bss) 
        ld.lld: error: ran out of PE memory for task table
        ld.lld: error: ran out of PE memory for data (section .data.hi) 
        ld.lld: error: ran out of PE memory for data (section .bss) 
        ld.lld: error: ran out of PE memory for task table
        ld.lld: error: ran out of PE memory for data (section .data.hi) 
        ld.lld: error: ran out of PE memory for data (section .bss) 
        ld.lld: error: ran out of PE memory for task table
        ld.lld: error: ran out of PE memory for data (section .data.hi) 
        ld.lld: error: ran out of PE memory for data (section .bss) 
        ld.lld: error: ran out of PE memory for task table
        ld.lld: error: ran out of PE memory for data (section .data.hi) 
        ld.lld: error: section .bss virtual address range overlaps with .filters
        >>> .bss range is [0x4720, 0x1A04D]
        >>> .filters range is [0xF680, 0xF6DF]

        ld.lld: error: section .bss load address range overlaps with .filters
        >>> .bss range is [0x4720, 0x1A04D]
        >>> .filters range is [0xF680, 0xF6DF]
        Failed to link: /tmp/cslc-a28311/cslc-2d394f745e1b.o
        ld.lld: error: section .bss virtual address range overlaps with .filters
        >>> .bss range is [0x4720, 0x1A04D]
        >>> .filters range is [0xF680, 0xF6DF]

        ld.lld: error: section .bss load address range overlaps with .filters
        >>> .bss range is [0x4720, 0x1A04D]
        >>> .filters range is [0xF680, 0xF6DF]
        Failed to link: /tmp/cslc-a28311/cslc-2d394f745e1b.o
        ld.lld: error: ran out of PE memory for data (section .bss) 
        ld.lld: error: ran out of PE memory for task table
        ld.lld: error: ran out of PE memory for data (section .data.hi) 
        ld.lld: error: ran out of PE memory for data (section .bss) 
        ld.lld: error: ran out of PE memory for task table
        ld.lld: error: ran out of PE memory for data (section .data.hi) 
        ld.lld: error: section .bss virtual address range overlaps with .filters
        >>> .bss range is [0x4720, 0x1A04D]
        >>> .filters range is [0xF680, 0xF6DF]

        ld.lld: error: section .bss load address range overlaps with .filters
        >>> .bss range is [0x4720, 0x1A04D]
        >>> .filters range is [0xF680, 0xF6DF]
        Failed to link: /tmp/cslc-a28311/cslc-2d394f745e1b.o
        ld.lld: error: ran out of PE memory for data (section .bss) 
        ld.lld: error: ran out of PE memory for task table
        ld.lld: error: ran out of PE memory for data (section .data.hi) 
        ld.lld: error: ran out of PE memory for data (section .bss) 
        ld.lld: error: ran out of PE memory for task table
        ld.lld: error: ran out of PE memory for data (section .data.hi) 
        ld.lld: error: section .bss virtual address range overlaps with .filters
        >>> .bss range is [0x4720, 0x1A04D]
        >>> .filters range is [0xF680, 0xF6DF]

        ld.lld: error: section .bss load address range overlaps with .filters
        >>> .bss range is [0x4720, 0x1A04D]
        >>> .filters range is [0xF680, 0xF6DF]
        Failed to link: /tmp/cslc-a28311/cslc-2d394f745e1b.o
        ld.lld: error: ran out of PE memory for data (section .bss) 
        ld.lld: error: ran out of PE memory for task table
        ld.lld: error: ran out of PE memory for data (section .data.hi) 
        ld.lld: error: ran out of PE memory for data (section .bss) 
        ld.lld: error: ran out of PE memory for task table
        ld.lld: error: ran out of PE memory for data (section .data.hi) 
        ld.lld: error: section .bss virtual address range overlaps with .filters
        >>> .bss range is [0x4720, 0x1A04D]
        >>> .filters range is [0xF680, 0xF6DF]

        ld.lld: error: section .bss load address range overlaps with .filters
        >>> .bss range is [0x4720, 0x1A04D]
        >>> .filters range is [0xF680, 0xF6DF]
        Failed to link: /tmp/cslc-a28311/cslc-2d394f745e1b.o
        ld.lld: error: ran out of PE memory for data (section .bss) 
        ld.lld: error: ran out of PE memory for task table
        ld.lld: error: ran out of PE memory for data (section .data.hi) 
        ld.lld: error: ran out of PE memory for data (section .bss) 
        ld.lld: error: ran out of PE memory for task table
        ld.lld: error: ran out of PE memory for data (section .data.hi) 
        ld.lld: error: section .bss virtual address range overlaps with .filters
        >>> .bss range is [0x4720, 0x1A04D]
        >>> .filters range is [0xF680, 0xF6DF]

        ld.lld: error: section .bss load address range overlaps with .filters
        >>> .bss range is [0x4720, 0x1A04D]
        >>> .filters range is [0xF680, 0xF6DF]
        Failed to link: /tmp/cslc-a28311/cslc-2d394f745e1b.o
        ld.lld: error: ran out of PE memory for data (section .bss) 
        ld.lld: error: ran out of PE memory for task table
        ld.lld: error: ran out of PE memory for data (section .data.hi) 
        ld.lld: error: ran out of PE memory for data (section .bss) 
        ld.lld: error: ran out of PE memory for task table
        ld.lld: error: ran out of PE memory for data (section .data.hi) 
        ld.lld: error: section .bss virtual address range overlaps with .filters
        >>> .bss range is [0x4720, 0x1A04D]
        >>> .filters range is [0xF680, 0xF6DF]

        ld.lld: error: section .bss load address range overlaps with .filters
        >>> .bss range is [0x4720, 0x1A04D]
        >>> .filters range is [0xF680, 0xF6DF]
        Failed to link: /tmp/cslc-a28311/cslc-2d394f745e1b.o
        ld.lld: error: ran out of PE memory for data (section .bss) 
        ld.lld: error: ran out of PE memory for task table
        ld.lld: error: ran out of PE memory for data (section .data.hi) 
        ld.lld: error: ran out of PE memory for data (section .bss) 
        ld.lld: error: ran out of PE memory for task table
        ld.lld: error: ran out of PE memory for data (section .data.hi) 
        ld.lld: error: ran out of PE memory for data (section .bss) 
        ld.lld: error: ran out of PE memory for task table
        ld.lld: error: ran out of PE memory for data (section .data.hi) 
        ld.lld: error: ran out of PE memory for data (section .bss) 
        ld.lld: error: ran out of PE memory for task table
        ld.lld: error: ran out of PE memory for data (section .data.hi) 
        ld.lld: error: section .bss virtual address range overlaps with .filters
        >>> .bss range is [0x4720, 0x1A04D]
        >>> .filters range is [0xF680, 0xF6DF]

        ld.lld: error: section .bss load address range overlaps with .filters
        >>> .bss range is [0x4720, 0x1A04D]
        >>> .filters range is [0xF680, 0xF6DF]
        Failed to link: /tmp/cslc-a28311/cslc-2d394f745e1b.o
        ld.lld: error: section .bss virtual address range overlaps with .filters
        >>> .bss range is [0x4720, 0x1A04D]
        >>> .filters range is [0xF680, 0xF6DF]

        ld.lld: error: section .bss load address range overlaps with .filters
        >>> .bss range is [0x4720, 0x1A04D]
        >>> .filters range is [0xF680, 0xF6DF]
        Failed to link: /tmp/cslc-a28311/cslc-2d394f745e1b.o
        ld.lld: error: ran out of PE memory for data (section .bss) 
        ld.lld: error: ran out of PE memory for task table
        ld.lld: error: ran out of PE memory for data (section .data.hi) 
        ld.lld: error: ran out of PE memory for data (section .bss) 
        ld.lld: error: ran out of PE memory for task table
        ld.lld: error: ran out of PE memory for data (section .data.hi) 
        ld.lld: error: section .bss virtual address range overlaps with .filters
        >>> .bss range is [0x4720, 0x1A04D]
        >>> .filters range is [0xF680, 0xF6DF]

        ld.lld: error: section .bss load address range overlaps with .filters
        >>> .bss range is [0x4720, 0x1A04D]
        >>> .filters range is [0xF680, 0xF6DF]
        Failed to link: /tmp/cslc-a28311/cslc-2d394f745e1b.o
        Failed to terminate linker worker processes
        ld.lld: error: cannot open /tmp/cslc-a28311/cslc-d644d217be47.ld: No such file or directory
        Failed to link: /tmp/cslc-a28311/cslc-2d394f745e1b.o
        ld.lld: error: ran out of PE memory for data (section .bss) 
        ld.lld: error: ran out of PE memory for task table
        ld.lld: error: ran out of PE memory for data (section .data.hi) 
        ld.lld: error: ran out of PE memory for data (section .bss) 
        ld.lld: error: ran out of PE memory for task table
        ld.lld: error: ran out of PE memory for data (section .data.hi) 
        ld.lld: error: section .bss virtual address range overlaps with .filters
        >>> .bss range is [0x4720, 0x1A04D]
        >>> .filters range is [0xF680, 0xF6DF]

        ld.lld: error: section .bss load address range overlaps with .filters
        >>> .bss range is [0x4720, 0x1A04D]
        >>> .filters range is [0xF680, 0xF6DF]
        Failed to link: /tmp/cslc-a28311/cslc-2d394f745e1b.o
        ld.lld: error: cannot open /tmp/cslc-a28311/cslc-b19cf91686c7.ld: No such file or directory
        ld.lld: error: cannot open /tmp/cslc-a28311/cslc-82cad6e7c686.ld: No such file or directory
        Failed to link: Failed to link: /tmp/cslc-a28311/cslc-2d394f745e1b.o/tmp/cslc-a28311/cslc-2d394f745e1b.o
        ld.lld: error: cannot open /tmp/cslc-a28311/cslc-95b9d07d5f39.ld: No such file or directory

        ld.lld: error: ran out of PE memory for data (section .bss) 
        ld.lld: error: ran out of PE memory for task table
        ld.lld: error: ran out of PE memory for data (section .data.hi) 
        ld.lld: error: ran out of PE memory for data (section .bss) 
        ld.lld: error: ran out of PE memory for task table
        ld.lld: error: ran out of PE memory for data (section .data.hi) 
        Failed to link: /tmp/cslc-a28311/cslc-2d394f745e1b.o
        ld.lld: error: cannot open /tmp/cslc-a28311/cslc-46300d9d2079.ld: No such file or directory
        ld.lld: error: section .bss virtual address range overlaps with .filters
        >>> .bss range is [0x4720, 0x1A04D]
        >>> .filters range is [0xF680, 0xF6DF]

        ld.lld: error: section .bss load address range overlaps with .filters
        >>> .bss range is [0x4720, 0x1A04D]
        >>> .filters range is [0xF680, 0xF6DF]
        Failed to link: /tmp/cslc-a28311/cslc-2d394f745e1b.o
        Failed to link: /tmp/cslc-a28311/cslc-2d394f745e1b.o
        ld.lld: error: ran out of PE memory for data (section .bss) 
        ld.lld: error: ran out of PE memory for task table
        ld.lld: error: ran out of PE memory for data (section .data.hi) 
        ld.lld: error: ran out of PE memory for data (section .bss) 
        ld.lld: error: ran out of PE memory for task table
        ld.lld: error: ran out of PE memory for data (section .data.hi) 
        ld.lld: error: ran out of PE memory for data (section .bss) 
        ld.lld: error: ran out of PE memory for task table
        ld.lld: error: ran out of PE memory for data (section .data.hi) 
        ld.lld: error: ran out of PE memory for data (section .bss) 
        ld.lld: error: ran out of PE memory for task table
        ld.lld: error: ran out of PE memory for data (section .data.hi) 
        ld.lld: error: section .bss virtual address range overlaps with .filters
        >>> .bss range is [0x4720, 0x1A04D]
        >>> .filters range is [0xF680, 0xF6DF]

        ld.lld: error: section .bss load address range overlaps with .filters
        >>> .bss range is [0x4720, 0x1A04D]
        >>> .filters range is [0xF680, 0xF6DF]
        Failed to link: /tmp/cslc-a28311/cslc-2d394f745e1b.o
        ld.lld: error: section .bss virtual address range overlaps with .filters
        >>> .bss range is [0x4720, 0x1A04D]
        >>> .filters range is [0xF680, 0xF6DF]

        ld.lld: error: section .bss load address range overlaps with .filters
        >>> .bss range is [0x4720, 0x1A04D]
        >>> .filters range is [0xF680, 0xF6DF]
        Failed to link: /tmp/cslc-a28311/cslc-2d394f745e1b.o
        ld.lld: error: ran out of PE memory for data (section .bss) 
        ld.lld: error: ran out of PE memory for task table
        ld.lld: error: ran out of PE memory for data (section .data.hi) 
        ld.lld: error: ran out of PE memory for data (section .bss) 
        ld.lld: error: ran out of PE memory for task table
        ld.lld: error: ran out of PE memory for data (section .data.hi) 
        ld.lld: error: ran out of PE memory for data (section .bss) 
        ld.lld: error: ran out of PE memory for task table
        ld.lld: error: ran out of PE memory for data (section .data.hi) 
        ld.lld: error: ran out of PE memory for data (section .bss) 
        ld.lld: error: ran out of PE memory for task table
        ld.lld: error: ran out of PE memory for data (section .data.hi) 
        ld.lld: error: section .bss virtual address range overlaps with .filters
        >>> .bss range is [0x4720, 0x1A04D]
        >>> .filters range is [0xF680, 0xF6DF]

        ld.lld: error: section .bss load address range overlaps with .filters
        >>> .bss range is [0x4720, 0x1A04D]
        >>> .filters range is [0xF680, 0xF6DF]
        Failed to link: /tmp/cslc-a28311/cslc-2d394f745e1b.o
        ld.lld: error: section .bss virtual address range overlaps with .filters
        >>> .bss range is [0x4720, 0x1A04D]
        >>> .filters range is [0xF680, 0xF6DF]

        ld.lld: error: section .bss load address range overlaps with .filters
        >>> .bss range is [0x4720, 0x1A04D]
        >>> .filters range is [0xF680, 0xF6DF]
        Failed to link: /tmp/cslc-a28311/cslc-2d394f745e1b.o
        ld.lld: error: ran out of PE memory for data (section .bss) 
        ld.lld: error: ran out of PE memory for task table
        ld.lld: error: ran out of PE memory for data (section .data.hi) 
        ld.lld: error: ran out of PE memory for data (section .bss) 
        ld.lld: error: ran out of PE memory for task table
        ld.lld: error: ran out of PE memory for data (section .data.hi) 
        ld.lld: error: section .bss virtual address range overlaps with .filters
        >>> .bss range is [0x4720, 0x1A04D]
        >>> .filters range is [0xF680, 0xF6DF]

        ld.lld: error: section .bss load address range overlaps with .filters
        >>> .bss range is [0x4720, 0x1A04D]
        >>> .filters range is [0xF680, 0xF6DF]
        Failed to link: /tmp/cslc-a28311/cslc-2d394f745e1b.o
        ld.lld: error: ran out of PE memory for data (section .bss) 
        ld.lld: error: ran out of PE memory for task table
        ld.lld: error: ran out of PE memory for data (section .data.hi) 
        ld.lld: error: ran out of PE memory for data (section .bss) 
        ld.lld: error: ran out of PE memory for task table
        ld.lld: error: ran out of PE memory for data (section .data.hi) 
        ld.lld: error: section .bss virtual address range overlaps with .filters
        >>> .bss range is [0x4720, 0x1A04D]
        >>> .filters range is [0xF680, 0xF6DF]

        ld.lld: error: section .bss load address range overlaps with .filters
        >>> .bss range is [0x4720, 0x1A04D]
        >>> .filters range is [0xF680, 0xF6DF]
        Failed to link: /tmp/cslc-a28311/cslc-2d394f745e1b.o
        ld.lld: error: ran out of PE memory for data (section .bss) 
        ld.lld: error: ran out of PE memory for task table
        ld.lld: error: ran out of PE memory for data (section .data.hi) 
        ld.lld: error: ran out of PE memory for data (section .bss) 
        ld.lld: error: ran out of PE memory for task table
        ld.lld: error: ran out of PE memory for data (section .data.hi) 
        ld.lld: error: section .bss virtual address range overlaps with .filters
        >>> .bss range is [0x4720, 0x1A04D]
        >>> .filters range is [0xF680, 0xF6DF]

        ld.lld: error: section .bss load address range overlaps with .filters
        >>> .bss range is [0x4720, 0x1A04D]
        >>> .filters range is [0xF680, 0xF6DF]
        ld.lld: error: ran out of PE memory for data (section .bss) 
        Failed to link: /tmp/cslc-a28311/cslc-2d394f745e1b.old.lld: error: ran out of PE memory for task table

        ld.lld: error: ran out of PE memory for data (section .data.hi) 
        ld.lld: error: ran out of PE memory for data (section .bss) 
        ld.lld: error: ran out of PE memory for task table
        ld.lld: error: ran out of PE memory for data (section .data.hi) 
        ld.lld: error: section .bss virtual address range overlaps with .filters
        >>> .bss range is [0x4720, 0x1A04D]
        >>> .filters range is [0xF680, 0xF6DF]

        ld.lld: error: section .bss load address range overlaps with .filters
        >>> .bss range is [0x4720, 0x1A04D]
        >>> .filters range is [0xF680, 0xF6DF]
        Failed to link: /tmp/cslc-a28311/cslc-2d394f745e1b.o
        ld.lld: error: ran out of PE memory for data (section .bss) 
        ld.lld: error: ran out of PE memory for task table
        ld.lld: error: ran out of PE memory for data (section .data.hi) 
        ld.lld: error: ran out of PE memory for data (section .bss) 
        ld.lld: error: ran out of PE memory for task table
        ld.lld: error: ran out of PE memory for data (section .data.hi) 
        ld.lld: error: section .bss virtual address range overlaps with .filters
        >>> .bss range is [0x4720, 0x1A04D]
        >>> .filters range is [0xF680, 0xF6DF]

        ld.lld: error: section .bss load address range overlaps with .filters
        >>> .bss range is [0x4720, 0x1A04D]
        >>> .filters range is [0xF680, 0xF6DF]
        Failed to link: /tmp/cslc-a28311/cslc-2d394f745e1b.o
        ld.lld: error: ran out of PE memory for data (section .bss) 
        ld.lld: error: ran out of PE memory for task table
        ld.lld: error: ran out of PE memory for data (section .data.hi) 
        ld.lld: error: ran out of PE memory for data (section .bss) 
        ld.lld: error: ran out of PE memory for task table
        ld.lld: error: ran out of PE memory for data (section .data.hi) 
        ld.lld: error: ran out of PE memory for data (section .bss) 
        ld.lld: error: ran out of PE memory for task table
        ld.lld: error: ran out of PE memory for data (section .data.hi) 
        ld.lld: error: ran out of PE memory for data (section .bss) 
        ld.lld: error: ran out of PE memory for task table
        ld.lld: error: ran out of PE memory for data (section .data.hi) 
        ld.lld: error: ran out of PE memory for data (section .bss) 
        ld.lld: error: section .bss virtual address range overlaps with .filters
        >>> .bss range is [0x4720, 0x1A04D]
        >>> .filters range is [0xF680, 0xF6DF]

        ld.lld: error: section .bss load address range overlaps with .filters
        >>> .bss range is [0x4720, 0x1A04D]
        >>> .filters range is [0xF680, 0xF6DF]
        ld.lld: error: ran out of PE memory for task table
        ld.lld: error: ran out of PE memory for data (section .data.hi) 
        Failed to link: /tmp/cslc-a28311/cslc-2d394f745e1b.old.lld: error: ran out of PE memory for data (section .bss) 

        ld.lld: error: ran out of PE memory for task table
        ld.lld: error: ran out of PE memory for data (section .data.hi) 
        ld.lld: error: section .bss virtual address range overlaps with .filters
        >>> .bss range is [0x4720, 0x1A04D]
        >>> .filters range is [0xF680, 0xF6DF]

        ld.lld: error: section .bss load address range overlaps with .filters
        >>> .bss range is [0x4720, 0x1A04D]
        >>> .filters range is [0xF680, 0xF6DF]
        Failed to link: /tmp/cslc-a28311/cslc-2d394f745e1b.o
        ld.lld: error: section .bss virtual address range overlaps with .filters
        >>> .bss range is [0x4720, 0x1A04D]
        >>> .filters range is [0xF680, 0xF6DF]

        ld.lld: error: section .bss load address range overlaps with .filters
        >>> .bss range is [0x4720, 0x1A04D]
        >>> .filters range is [0xF680, 0xF6DF]
        Failed to link: /tmp/cslc-a28311/cslc-2d394f745e1b.o
        ld.lld: error: ran out of PE memory for data (section .bss) 
        ld.lld: error: ran out of PE memory for task table
        ld.lld: error: ran out of PE memory for data (section .data.hi) 
        ld.lld: error: ran out of PE memory for data (section .bss) 
        ld.lld: error: ran out of PE memory for task table
        ld.lld: error: ran out of PE memory for data (section .data.hi) 
        ld.lld: error: section .bss virtual address range overlaps with .filters
        >>> .bss range is [0x4720, 0x1A04D]
        >>> .filters range is [0xF680, 0xF6DF]

        ld.lld: error: section .bss load address range overlaps with .filters
        >>> .bss range is [0x4720, 0x1A04D]
        >>> .filters range is [0xF680, 0xF6DF]
        Failed to link: /tmp/cslc-a28311/cslc-2d394f745e1b.o
        ld.lld: error: ran out of PE memory for data (section .bss) 
        ld.lld: error: ran out of PE memory for task table
        ld.lld: error: ran out of PE memory for data (section .data.hi) 
        ld.lld: error: ran out of PE memory for data (section .bss) 
        ld.lld: error: ran out of PE memory for task table
        ld.lld: error: ran out of PE memory for data (section .data.hi) 
        ld.lld: error: section .bss virtual address range overlaps with .filters
        >>> .bss range is [0x4720, 0x1A04D]
        >>> .filters range is [0xF680, 0xF6DF]

        ld.lld: error: section .bss load address range overlaps with .filters
        >>> .bss range is [0x4720, 0x1A04D]
        >>> .filters range is [0xF680, 0xF6DF]
        Failed to link: /tmp/cslc-a28311/cslc-2d394f745e1b.o
        ld.lld: error: ran out of PE memory for data (section .bss) 
        ld.lld: error: ran out of PE memory for task table
        ld.lld: error: ran out of PE memory for data (section .data.hi) 
        ld.lld: error: ran out of PE memory for data (section .bss) 
        ld.lld: error: ran out of PE memory for task table
        ld.lld: error: ran out of PE memory for data (section .data.hi) 
        ld.lld: error: ran out of PE memory for data (section .bss) 
        ld.lld: error: ran out of PE memory for task table
        ld.lld: error: ran out of PE memory for data (section .data.hi) 
        ld.lld: error: ran out of PE memory for data (section .bss) 
        ld.lld: error: ran out of PE memory for task table
        ld.lld: error: ran out of PE memory for data (section .data.hi) 
        ld.lld: error: section .bss virtual address range overlaps with .filters
        >>> .bss range is [0x4720, 0x1A04D]
        >>> .filters range is [0xF680, 0xF6DF]

        ld.lld: error: section .bss load address range overlaps with .filters
        >>> .bss range is [0x4720, 0x1A04D]
        >>> .filters range is [0xF680, 0xF6DF]
        Failed to link: /tmp/cslc-a28311/cslc-2d394f745e1b.o
        ld.lld: error: section .bss virtual address range overlaps with .filters
        >>> .bss range is [0x4720, 0x1A04D]
        >>> .filters range is [0xF680, 0xF6DF]

        ld.lld: error: section .bss load address range overlaps with .filters
        >>> .bss range is [0x4720, 0x1A04D]
        >>> .filters range is [0xF680, 0xF6DF]
        Failed to link: /tmp/cslc-a28311/cslc-2d394f745e1b.o
        ld.lld: error: ran out of PE memory for data (section .bss) 
        ld.lld: error: ran out of PE memory for task table
        ld.lld: error: ran out of PE memory for data (section .data.hi) 
        ld.lld: error: ran out of PE memory for data (section .bss) 
        ld.lld: error: ran out of PE memory for task table
        ld.lld: error: ran out of PE memory for data (section .data.hi) 
        ld.lld: error: section .bss virtual address range overlaps with .filters
        >>> .bss range is [0x4720, 0x1A04D]
        >>> .filters range is [0xF680, 0xF6DF]

        ld.lld: error: section .bss load address range overlaps with .filters
        >>> .bss range is [0x4720, 0x1A04D]
        >>> .filters range is [0xF680, 0xF6DF]
        Failed to link: /tmp/cslc-a28311/cslc-2d394f745e1b.o
        ld.lld: error: ran out of PE memory for data (section .bss) 
        ld.lld: error: ran out of PE memory for task table
        ld.lld: error: ran out of PE memory for data (section .data.hi) 
        ld.lld: error: ran out of PE memory for data (section .bss) 
        ld.lld: error: ran out of PE memory for task table
        ld.lld: error: ran out of PE memory for data (section .data.hi) 
        ld.lld: error: section .bss virtual address range overlaps with .filters
        >>> .bss range is [0x4720, 0x1A04D]
        >>> .filters range is [0xF680, 0xF6DF]

        ld.lld: error: section .bss load address range overlaps with .filters
        >>> .bss range is [0x4720, 0x1A04D]
        >>> .filters range is [0xF680, 0xF6DF]
        Failed to link: /tmp/cslc-a28311/cslc-2d394f745e1b.o
        ld.lld: error: ran out of PE memory for data (section .bss) 
        ld.lld: error: ran out of PE memory for task table
        ld.lld: error: ran out of PE memory for data (section .data.hi) 
        ld.lld: error: ran out of PE memory for data (section .bss) 
        ld.lld: error: ran out of PE memory for task table
        ld.lld: error: ran out of PE memory for data (section .data.hi) 
        ld.lld: error: section .bss virtual address range overlaps with .filters
        >>> .bss range is [0x4720, 0x1A04D]
        >>> .filters range is [0xF680, 0xF6DF]

        ld.lld: error: section .bss load address range overlaps with .filters
        >>> .bss range is [0x4720, 0x1A04D]
        >>> .filters range is [0xF680, 0xF6DF]
        Failed to link: /tmp/cslc-a28311/cslc-2d394f745e1b.o
        ld.lld: error: ran out of PE memory for data (section .bss) 
        ld.lld: error: ran out of PE memory for task table
        ld.lld: error: ran out of PE memory for data (section .data.hi) 
        ld.lld: error: ran out of PE memory for data (section .bss) 
        ld.lld: error: ran out of PE memory for task table
        ld.lld: error: ran out of PE memory for data (section .data.hi) 
        ld.lld: error: section .bss virtual address range overlaps with .filters
        >>> .bss range is [0x4720, 0x1A04D]
        >>> .filters range is [0xF680, 0xF6DF]

        ld.lld: error: section .bss load address range overlaps with .filters
        >>> .bss range is [0x4720, 0x1A04D]
        >>> .filters range is [0xF680, 0xF6DF]
        Failed to link: /tmp/cslc-a28311/cslc-2d394f745e1b.o
        ld.lld: error: ran out of PE memory for data (section .bss) 
        ld.lld: error: ran out of PE memory for task table
        ld.lld: error: ran out of PE memory for data (section .data.hi) 
        ld.lld: error: ran out of PE memory for data (section .bss) 
        ld.lld: error: ran out of PE memory for task table
        ld.lld: error: ran out of PE memory for data (section .data.hi) 
        ld.lld: error: ran out of PE memory for data (section .bss) 
        ld.lld: error: ran out of PE memory for task table
        ld.lld: error: ran out of PE memory for data (section .data.hi) 
        ld.lld: error: ran out of PE memory for data (section .bss) 
        ld.lld: error: ran out of PE memory for task table
        ld.lld: error: ran out of PE memory for data (section .data.hi) 
        ld.lld: error: cannot open /tmp/cslc-a28311/cslc-2d394f745e1b.o: No such file or directory
        Failed to link: /tmp/cslc-a28311/cslc-2d394f745e1b.o
        ld.lld: error: section .bss virtual address range overlaps with .filters
        >>> .bss range is [0x4720, 0x1A04D]
        >>> .filters range is [0xF680, 0xF6DF]

        ld.lld: error: section .bss load address range overlaps with .filters
        >>> .bss range is [0x4720, 0x1A04D]
        >>> .filters range is [0xF680, 0xF6DF]
        Failed to link: /tmp/cslc-a28311/cslc-2d394f745e1b.o
        ld.lld: error: section .bss virtual address range overlaps with .filters
        >>> .bss range is [0x4720, 0x1A04D]
        >>> .filters range is [0xF680, 0xF6DF]

        ld.lld: error: section .bss load address range overlaps with .filters
        >>> .bss range is [0x4720, 0x1A04D]
        >>> .filters range is [0xF680, 0xF6DF]
        Failed to link: /tmp/cslc-a28311/cslc-2d394f745e1b.o
        ld.lld: error: ran out of PE memory for data (section .bss) 
        ld.lld: error: ran out of PE memory for task table
        ld.lld: error: ran out of PE memory for data (section .data.hi) 
        ld.lld: error: ran out of PE memory for data (section .bss) 
        ld.lld: error: ran out of PE memory for task table
        ld.lld: error: ran out of PE memory for data (section .data.hi) 
        ld.lld: error: section .bss virtual address range overlaps with .filters
        >>> .bss range is [0x4720, 0x1A04D]
        >>> .filters range is [0xF680, 0xF6DF]

        ld.lld: error: section .bss load address range overlaps with .filters
        >>> .bss range is [0x4720, 0x1A04D]
        >>> .filters range is [0xF680, 0xF6DF]
        Failed to link: /tmp/cslc-a28311/cslc-2d394f745e1b.o
        ld.lld: error: ran out of PE memory for data (section .bss) 
        ld.lld: error: ran out of PE memory for task table
        ld.lld: error: ran out of PE memory for data (section .data.hi) 
        ld.lld: error: ran out of PE memory for data (section .bss) 
        ld.lld: error: ran out of PE memory for task table
        ld.lld: error: ran out of PE memory for data (section .data.hi) 
        ld.lld: error: section .bss virtual address range overlaps with .filters
        >>> .bss range is [0x4720, 0x1A04D]
        >>> .filters range is [0xF680, 0xF6DF]

        ld.lld: error: section .bss load address range overlaps with .filters
        >>> .bss range is [0x4720, 0x1A04D]
        >>> .filters range is [0xF680, 0xF6DF]
        Failed to link: /tmp/cslc-a28311/cslc-2d394f745e1b.o
        ld.lld: error: ran out of PE memory for data (section .bss) 
        ld.lld: error: ran out of PE memory for task table
        ld.lld: error: ran out of PE memory for data (section .data.hi) 
        ld.lld: error: ran out of PE memory for data (section .bss) 
        ld.lld: error: ran out of PE memory for task table
        ld.lld: error: ran out of PE memory for data (section .data.hi) 
        ld.lld: error: cannot open /tmp/cslc-a28311/cslc-2d394f745e1b.o: No such file or directory
        Failed to link: /tmp/cslc-a28311/cslc-2d394f745e1b.o
        ld.lld: error: section .bss virtual address range overlaps with .filters
        >>> .bss range is [0x4720, 0x1A04D]
        >>> .filters range is [0xF680, 0xF6DF]

        ld.lld: error: section .bss load address range overlaps with .filters
        >>> .bss range is [0x4720, 0x1A04D]
        >>> .filters range is [0xF680, 0xF6DF]
        Failed to link: /tmp/cslc-a28311/cslc-2d394f745e1b.o
        ld.lld: error: cannot open /tmp/cslc-a28311/cslc-2d394f745e1b.o: No such file or directory
        Failed to link: /tmp/cslc-a28311/cslc-2d394f745e1b.o
        ld.lld: error: cannot open /tmp/cslc-a28311/cslc-2d394f745e1b.o: No such file or directory
        Failed to link: /tmp/cslc-a28311/cslc-2d394f745e1b.o
        ld.lld: error: cannot open /tmp/cslc-a28311/cslc-2d394f745e1b.o: No such file or directory
        Failed to link: /tmp/cslc-a28311/cslc-2d394f745e1b.o
        ld.lld: error: cannot open /tmp/cslc-a28311/cslc-2d394f745e1b.o: No such file or directory
        Failed to link: /tmp/cslc-a28311/cslc-2d394f745e1b.o
        ld.lld: error: cannot open /tmp/cslc-a28311/cslc-2d394f745e1b.o: No such file or directory
        Failed to link: /tmp/cslc-a28311/cslc-2d394f745e1b.o
        ld.lld: error: cannot open /tmp/cslc-a28311/cslc-2d394f745e1b.o: No such file or directory
        Failed to link: /tmp/cslc-a28311/cslc-2d394f745e1b.o
        ld.lld: error: cannot open /tmp/cslc-a28311/cslc-2d394f745e1b.o: No such file or directory
        Failed to link: /tmp/cslc-a28311/cslc-2d394f745e1b.o
        ld.lld: error: cannot open /tmp/cslc-a28311/cslc-2d394f745e1b.o: No such file or directory
        Failed to link: /tmp/cslc-a28311/cslc-2d394f745e1b.o
        ld.lld: error: cannot open /tmp/cslc-a28311/cslc-2d394f745e1b.o: No such file or directory
        Failed to link: /tmp/cslc-a28311/cslc-2d394f745e1b.o
        ld.lld: error: cannot open /tmp/cslc-a28311/cslc-2d394f745e1b.o: No such file or directory
        Failed to link: /tmp/cslc-a28311/cslc-2d394f745e1b.o
        ld.lld: error: cannot open /tmp/cslc-a28311/cslc-2d394f745e1b.o: No such file or directory
        Failed to link: /tmp/cslc-a28311/cslc-2d394f745e1b.o
        ld.lld: error: cannot open /tmp/cslc-a28311/cslc-2d394f745e1b.o: No such file or directory
        Failed to link: /tmp/cslc-a28311/cslc-2d394f745e1b.o
        ld.lld: error: cannot open /tmp/cslc-a28311/cslc-2d394f745e1b.o: No such file or directory
        Failed to link: /tmp/cslc-a28311/cslc-2d394f745e1b.o
        ld.lld: error: cannot open /tmp/cslc-a28311/cslc-2d394f745e1b.o: No such file or directory
        Failed to link: /tmp/cslc-a28311/cslc-2d394f745e1b.o
        ld.lld: error: cannot open /tmp/cslc-a28311/cslc-2d394f745e1b.o: No such file or directory
        Failed to link: /tmp/cslc-a28311/cslc-2d394f745e1b.o
        ld.lld: error: cannot open /tmp/cslc-a28311/cslc-2d394f745e1b.o: No such file or directory
        Failed to link: /tmp/cslc-a28311/cslc-2d394f745e1b.o
        ld.lld: error: cannot open /tmp/cslc-a28311/cslc-2d394f745e1b.o: No such file or directory
        Failed to link: /tmp/cslc-a28311/cslc-2d394f745e1b.o
        ld.lld: error: cannot open /tmp/cslc-a28311/cslc-2d394f745e1b.o: No such file or directory
        Failed to link: /tmp/cslc-a28311/cslc-2d394f745e1b.o
        ld.lld: error: cannot open /tmp/cslc-a28311/cslc-2d394f745e1b.o: No such file or directory
        Failed to link: /tmp/cslc-a28311/cslc-2d394f745e1b.o
        ld.lld: error: cannot open /tmp/cslc-a28311/cslc-2d394f745e1b.o: No such file or directory
        Failed to link: /tmp/cslc-a28311/cslc-2d394f745e1b.o
        ld.lld: error: cannot open /tmp/cslc-a28311/cslc-2d394f745e1b.o: No such file or directory
        Failed to link: /tmp/cslc-a28311/cslc-2d394f745e1b.o
        ld.lld: error: cannot open /tmp/cslc-a28311/cslc-2d394f745e1b.o: No such file or directory
        Failed to link: /tmp/cslc-a28311/cslc-2d394f745e1b.o
        ld.lld: error: cannot open /tmp/cslc-a28311/cslc-2d394f745e1b.o: No such file or directory
        Failed to link: /tmp/cslc-a28311/cslc-2d394f745e1b.o
        ld.lld: error: cannot open /tmp/cslc-a28311/cslc-2d394f745e1b.o: No such file or directory
        Failed to link: /tmp/cslc-a28311/cslc-2d394f745e1b.o
        ld.lld: error: cannot open /tmp/cslc-a28311/cslc-2d394f745e1b.o: No such file or directory
        Failed to link: /tmp/cslc-a28311/cslc-2d394f745e1b.o
        ld.lld: error: cannot open /tmp/cslc-a28311/cslc-2d394f745e1b.o: No such file or directory
        Failed to link: /tmp/cslc-a28311/cslc-2d394f745e1b.o
        ld.lld: error: cannot open /tmp/cslc-a28311/cslc-2d394f745e1b.o: No such file or directory
        Failed to link: /tmp/cslc-a28311/cslc-2d394f745e1b.o
        ld.lld: error: cannot open /tmp/cslc-a28311/cslc-2d394f745e1b.o: No such file or directory
        ld.lld: error: cannot open /tmp/cslc-a28311/cslc-2d394f745e1b.o: No such file or directory
        Failed to link: /tmp/cslc-a28311/cslc-2d394f745e1b.o
        Failed to link: /tmp/cslc-a28311/cslc-2d394f745e1b.o
        ld.lld: error: cannot open /tmp/cslc-a28311/cslc-2d394f745e1b.o: No such file or directory
        Failed to link: /tmp/cslc-a28311/cslc-2d394f745e1b.o
        ld.lld: error: cannot open /tmp/cslc-a28311/cslc-2d394f745e1b.o: No such file or directory
        Failed to link: /tmp/cslc-a28311/cslc-2d394f745e1b.o
        ld.lld: error: cannot open /tmp/cslc-a28311/cslc-2d394f745e1b.o: No such file or directory
        Failed to link: /tmp/cslc-a28311/cslc-2d394f745e1b.o
        ld.lld: error: cannot open /tmp/cslc-a28311/cslc-2d394f745e1b.o: No such file or directory
        Failed to link: /tmp/cslc-a28311/cslc-2d394f745e1b.o
        ld.lld: error: cannot open /tmp/cslc-a28311/cslc-2d394f745e1b.o: No such file or directory
        Failed to link: /tmp/cslc-a28311/cslc-2d394f745e1b.o
        ld.lld: error: cannot open /tmp/cslc-a28311/cslc-2d394f745e1b.o: No such file or directory
        Failed to link: /tmp/cslc-a28311/cslc-2d394f745e1b.o
        ld.lld: error: cannot open /tmp/cslc-a28311/cslc-2d394f745e1b.o: No such file or directory
        Failed to link: /tmp/cslc-a28311/cslc-2d394f745e1b.o
        ld.lld: error: cannot open /tmp/cslc-a28311/cslc-2d394f745e1b.o: No such file or directory
        Failed to link: /tmp/cslc-a28311/cslc-2d394f745e1b.o
        ld.lld: error: cannot open /tmp/cslc-a28311/cslc-2d394f745e1b.o: No such file or directory
        Failed to link: /tmp/cslc-a28311/cslc-2d394f745e1b.o
        ld.lld: error: cannot open /tmp/cslc-a28311/cslc-2d394f745e1b.o: No such file or directory
        Failed to link: /tmp/cslc-a28311/cslc-2d394f745e1b.o
        ld.lld: error: cannot open /tmp/cslc-a28311/cslc-2d394f745e1b.o: No such file or directory
        Failed to link: /tmp/cslc-a28311/cslc-2d394f745e1b.o
        ld.lld: error: cannot open /tmp/cslc-a28311/cslc-2d394f745e1b.o: No such file or directory
        Failed to link: /tmp/cslc-a28311/cslc-2d394f745e1b.o
        ld.lld: error: cannot open /tmp/cslc-a28311/cslc-2d394f745e1b.o: No such file or directory
        Failed to link: /tmp/cslc-a28311/cslc-2d394f745e1b.o
        ld.lld: error: cannot open /tmp/cslc-a28311/cslc-2d394f745e1b.o: No such file or directory
        Failed to link: /tmp/cslc-a28311/cslc-2d394f745e1b.o
        ld.lld: error: cannot open /tmp/cslc-a28311/cslc-2d394f745e1b.o: No such file or directory
        Failed to link: /tmp/cslc-a28311/cslc-2d394f745e1b.o
        ld.lld: error: cannot open /tmp/cslc-a28311/cslc-2d394f745e1b.o: No such file or directory
        Failed to link: /tmp/cslc-a28311/cslc-2d394f745e1b.o
        ld.lld: error: cannot open /tmp/cslc-a28311/cslc-2d394f745e1b.o: No such file or directory
        Failed to link: /tmp/cslc-a28311/cslc-2d394f745e1b.o
        ld.lld: error: cannot open /tmp/cslc-a28311/cslc-2d394f745e1b.o: No such file or directory
        Failed to link: /tmp/cslc-a28311/cslc-2d394f745e1b.o

infile_mtx = data/snap_patents.balanced750x750.mtx, source = 0, max_rounds = 10
Load matrix A, 6009750-by-6009750 with 16518948 nonzeros (structural, boolean)
[[ NOTE: A_csr is not symmetric -- using the directed edges-traversed formula instead of Graph500's own undirected dedup rule. See GRAPH500_BENCHMARK.md section 4. ]]
WARNING: compile only -- the appliance's compile server is torn down once this returns, so SdkRuntime can't be used in this same invocation
Traceback (most recent call last):
  File "/home/elia/CereGraphs/spmv-hypersparse/bfs/bool_diag_spmv/run_bfs.appliance.py", line 711, in <module>
    main()
  File "/home/elia/CereGraphs/spmv-hypersparse/bfs/bool_diag_spmv/run_bfs.appliance.py", line 310, in main
    artifact_path = csl_compile_core_appliance(
                    ^^^^^^^^^^^^^^^^^^^^^^^^^^^
  File "/home/elia/CereGraphs/spmv-hypersparse/bfs/bool_diag_spmv/device_io.py", line 379, in csl_compile_core_appliance
    artifact_path = compiler.compile(csl_path, file_config, args_str, csl_path)
                    ^^^^^^^^^^^^^^^^^^^^^^^^^^^^^^^^^^^^^^^^^^^^^^^^^^^^^^^^^^^
  File "/home/elia/cs_appliance_sdk/lib64/python3.11/site-packages/cerebras/sdk/client/sdk_appliance_client.py", line 1541, in compile
    self._check_sdk_response(response, "SdkCompiler.compile() failed.")
  File "/home/elia/cs_appliance_sdk/lib64/python3.11/site-packages/cerebras/sdk/client/sdk_appliance_client.py", line 598, in _check_sdk_response
    raise ApplianceUnknownError(f"{preamble}")
cerebras.appliance.errors.ApplianceUnknownError: SdkCompiler.compile() failed.
[2026-07-29T15:19:06Z] FAILED: patents compile step failed -- skipping to next graph.
[2026-07-29T15:19:06Z] === run_snap_sweep done ===
